manual Conn/acon [10.0,1.0]
manual Conn/pwr1 [44.0,1.0]
manual Conn/bcon [52.0,1.0]
manual Conn/pwr2 [86.0,1.0]
manual Conn/ccon [95.0,1.0]
manual Conn/pwr3 [129.0,1.0]
manual Conn/dcon [137.0,1.0]
manual 0.rotq/aclcirc[11:11]8 [10.0,10.0]
manual 0.rot_rtlb/aclcirc[0:0]1 [10.0,36.0]
manual a.3.DFF/achi/aclcirc [10.0,44.0]
manual b.3.DFF/achi/aclcirc [10.0,55.0]
manual c.3.DFF/achi/aclcirc [10.0,70.0]
manual d.3.DFF/achi/aclcirc [10.0,85.0]
manual e.3.DFF/achi/aclcirc [10.0,100.0]
manual f.3.DFF/achi/aclcirc [10.0,115.0]
manual D11.DAO/acqzdao/aclcirc [18.0,96.0]
manual D11.DAO/acqzda2/aclcirc [18.0,97.0]
manual 0.rotq/aclcirc[10:10]8 [20.0,10.0]
manual 0.rot_bswb/aclcirc[0:0]1 [20.0,36.0]
manual a.2.DFF/achi/aclcirc [20.0,44.0]
manual b.2.DFF/achi/aclcirc [20.0,55.0]
manual c.2.DFF/achi/aclcirc [20.0,70.0]
manual d.2.DFF/achi/aclcirc [20.0,85.0]
manual e.2.DFF/achi/aclcirc [20.0,100.0]
manual f.2.DFF/achi/aclcirc [20.0,115.0]
manual D10.DAO/acqzdao/aclcirc [28.0,96.0]
manual D10.DAO/acqzda2/aclcirc [28.0,97.0]
manual 0.rotq/aclcirc[9:9]8 [30.0,10.0]
manual 0.rot_rtrb/aclcirc[0:0]1 [30.0,36.0]
manual a.1.DFF/achi/aclcirc [30.0,44.0]
manual b.1.DFF/achi/aclcirc [30.0,55.0]
manual c.1.DFF/achi/aclcirc [30.0,70.0]
manual d.1.DFF/achi/aclcirc [30.0,85.0]
manual e.1.DFF/achi/aclcirc [30.0,100.0]
manual f.1.DFF/achi/aclcirc [30.0,115.0]
manual D9.DAO/acqzdao/aclcirc [38.0,96.0]
manual D9.DAO/acqzda2/aclcirc [38.0,97.0]
manual 0.rotq/aclcirc[8:8]8 [40.0,10.0]
manual 0.rot_rtra/aclcirc[0:0]1 [40.0,36.0]
manual a.0.DFF/achi/aclcirc [40.0,44.0]
manual b.0.DFF/achi/aclcirc [40.0,55.0]
manual c.0.DFF/achi/aclcirc [40.0,70.0]
manual d.0.DFF/achi/aclcirc [40.0,85.0]
manual e.0.DFF/achi/aclcirc [40.0,100.0]
manual f.0.DFF/achi/aclcirc [40.0,115.0]
manual D8.DAO/acqzdao/aclcirc [48.0,96.0]
manual D8.DAO/acqzda2/aclcirc [48.0,97.0]
manual 0.rotq/aclcirc[7:7]8 [50.0,10.0]
manual 0.rot_nopa/aclcirc[0:0]1 [50.0,36.0]
manual a.3.DFF/acmid/aclcirc [50.0,44.0]
manual b.3.DFF/acmid/aclcirc [50.0,55.0]
manual c.3.DFF/acmid/aclcirc [50.0,70.0]
manual d.3.DFF/acmid/aclcirc [50.0,85.0]
manual e.3.DFF/acmid/aclcirc [50.0,100.0]
manual f.3.DFF/acmid/aclcirc [50.0,115.0]
manual D7.DAO/acqzdao/aclcirc [58.0,96.0]
manual D7.DAO/acqzda2/aclcirc [58.0,97.0]
manual 0.rotq/aclcirc[6:6]8 [60.0,10.0]
manual 0.rot_rara/aclcirc[0:0]1 [60.0,36.0]
manual a.2.DFF/acmid/aclcirc [60.0,44.0]
manual b.2.DFF/acmid/aclcirc [60.0,55.0]
manual c.2.DFF/acmid/aclcirc [60.0,70.0]
manual d.2.DFF/acmid/aclcirc [60.0,85.0]
manual e.2.DFF/acmid/aclcirc [60.0,100.0]
manual f.2.DFF/acmid/aclcirc [60.0,115.0]
manual D6.DAO/acqzdao/aclcirc [68.0,96.0]
manual D6.DAO/acqzda2/aclcirc [68.0,97.0]
manual 0.rotq/aclcirc[5:5]8 [70.0,10.0]
manual 0.rot_rarb/aclcirc[0:0]1 [70.0,36.0]
manual a.1.DFF/acmid/aclcirc [70.0,44.0]
manual b.1.DFF/acmid/aclcirc [70.0,55.0]
manual c.1.DFF/acmid/aclcirc [70.0,70.0]
manual d.1.DFF/acmid/aclcirc [70.0,85.0]
manual e.1.DFF/acmid/aclcirc [70.0,100.0]
manual f.1.DFF/acmid/aclcirc [70.0,115.0]
manual D5.DAO/acqzdao/aclcirc [78.0,96.0]
manual D5.DAO/acqzda2/aclcirc [78.0,97.0]
manual 0.rotq/aclcirc[4:4]8 [80.0,10.0]
manual 0.rot_ralb/aclcirc[0:0]1 [80.0,36.0]
manual a.0.DFF/acmid/aclcirc [80.0,44.0]
manual b.0.DFF/acmid/aclcirc [80.0,55.0]
manual c.0.DFF/acmid/aclcirc [80.0,70.0]
manual d.0.DFF/acmid/aclcirc [80.0,85.0]
manual e.0.DFF/acmid/aclcirc [80.0,100.0]
manual f.0.DFF/acmid/aclcirc [80.0,115.0]
manual D4.DAO/acqzdao/aclcirc [88.0,96.0]
manual D4.DAO/acqzda2/aclcirc [88.0,97.0]
manual 0.rotq/aclcirc[3:3]8 [90.0,10.0]
manual 0.rot_nopb/aclcirc[0:0]1 [90.0,36.0]
manual a.3.DFF/aclo/aclcirc [90.0,44.0]
manual b.3.DFF/aclo/aclcirc [90.0,55.0]
manual c.3.DFF/aclo/aclcirc [90.0,70.0]
manual d.3.DFF/aclo/aclcirc [90.0,85.0]
manual e.3.DFF/aclo/aclcirc [90.0,100.0]
manual f.3.DFF/aclo/aclcirc [90.0,115.0]
manual D3.DAO/acqzdao/aclcirc [98.0,96.0]
manual D3.DAO/acqzda2/aclcirc [98.0,97.0]
manual 0.rotq/aclcirc[2:2]8 [100.0,10.0]
manual 0.rot_rala/aclcirc[0:0]1 [100.0,36.0]
manual a.2.DFF/aclo/aclcirc [100.0,44.0]
manual b.2.DFF/aclo/aclcirc [100.0,55.0]
manual c.2.DFF/aclo/aclcirc [100.0,70.0]
manual d.2.DFF/aclo/aclcirc [100.0,85.0]
manual e.2.DFF/aclo/aclcirc [100.0,100.0]
manual f.2.DFF/aclo/aclcirc [100.0,115.0]
manual D2.DAO/acqzdao/aclcirc [108.0,96.0]
manual D2.DAO/acqzda2/aclcirc [108.0,97.0]
manual 0.rotq/aclcirc[1:1]8 [110.0,10.0]
manual 0.rot_rtla/aclcirc[0:0]1 [110.0,36.0]
manual a.1.DFF/aclo/aclcirc [110.0,44.0]
manual b.1.DFF/aclo/aclcirc [110.0,55.0]
manual c.1.DFF/aclo/aclcirc [110.0,70.0]
manual d.1.DFF/aclo/aclcirc [110.0,85.0]
manual e.1.DFF/aclo/aclcirc [110.0,100.0]
manual f.1.DFF/aclo/aclcirc [110.0,115.0]
manual D1.DAO/acqzdao/aclcirc [118.0,96.0]
manual D1.DAO/acqzda2/aclcirc [118.0,97.0]
manual 0.rotq/aclcirc[0:0]8 [120.0,10.0]
manual 0.rot_bswa/aclcirc[0:0]1 [120.0,36.0]
manual a.0.DFF/aclo/aclcirc [120.0,44.0]
manual b.0.DFF/aclo/aclcirc [120.0,55.0]
manual c.0.DFF/aclo/aclcirc [120.0,70.0]
manual d.0.DFF/aclo/aclcirc [120.0,85.0]
manual e.0.DFF/aclo/aclcirc [120.0,100.0]
manual f.0.DFF/aclo/aclcirc [120.0,115.0]
manual D0.DAO/acqzdao/aclcirc [128.0,96.0]
manual D0.DAO/acqzda2/aclcirc [128.0,97.0]
manual 0.rotcout/aclcirc[0:0]8 [130.0,10.0]
manual 0._rot_ral/aclcirc[0:0]2 [130.0,36.0]
manual a.0.DFF/acwff/aclcirc [130.0,44.0]
manual b.0.DFF/acwff/aclcirc [130.0,55.0]
manual c.0.DFF/acwff/aclcirc [130.0,70.0]
manual d.0.DFF/acwff/aclcirc [130.0,85.0]
manual e.0.DFF/acwff/aclcirc [130.0,100.0]
manual f.0.DFF/acwff/aclcirc [130.0,115.0]
manual 0._rot_rar/aclcirc[0:0]2 [140.0,10.0]
manual 0._rot_nop/aclcirc[0:0]3 [140.0,25.0]
manual a.0.DFF/lnreg/aclcirc [140.0,40.0]
manual b.0.DFF/lnreg/aclcirc [140.0,55.0]
manual c.0.DFF/lnreg/aclcirc [140.0,70.0]
manual d.0.DFF/lnreg/aclcirc [140.0,85.0]
manual e.0.DFF/lnreg/aclcirc [140.0,100.0]
manual f.0.DFF/lnreg/aclcirc [140.0,115.0]
manual 0._rot_rtl/aclcirc[0:0]2 [150.0,10.0]
manual 0._rot_bsw/aclcirc[0:0]2 [150.0,25.0]
manual 0._clok1/aclcirc[0:0]1 [150.0,40.0]
manual 0.actc/aclcirc[0:0]2 [150.0,55.0]
manual 0.grpb_skip_nand/aclcirc[0:0]2 [150.0,70.0]
manual 0._ac_sca/aclcirc[0:0]1 [150.0,85.0]
manual 0.ac_sca/aclcirc[0:0]1 [150.0,100.0]
manual 0.grpb_skip_base/aclcirc[0:0]5 [150.0,115.0]
manual 0.grpa1q/aclcirc[0:0]1 [160.0,10.0]
manual 0._rot_rtr/aclcirc[0:0]2 [160.0,25.0]
manual 0.grpb_skip/aclcirc[0:0]4 [160.0,40.0]
manual 0._reset/aclcirc[0:0]1 [160.0,55.0]
manual 0._lnd/aclcirc[0:0]5 [160.0,70.0]
manual 0.lnt/aclcirc[0:0]2 [160.0,85.0]
manual 0.actb/aclcirc[0:0]2 [160.0,100.0]
manual 0.acta/aclcirc[0:0]2 [160.0,115.0]
