manual Conn/pwr1 [44.0,1.0]
manual Conn/pwr2 [86.0,1.0]
manual a.0.DFF/intff [10.0,10.0]
manual c.0.DFF/intff [10.0,25.0]
manual e.0.DFF/intff [10.0,40.0]
manual a.0.DFF/jmpff [10.0,55.0]
manual b.0.DFF/intff [20.0,10.0]
manual d.0.DFF/intff [20.0,25.0]
manual f.0.DFF/intff [20.0,40.0]
manual b.0.DFF/jmpff [20.0,55.0]
manual a.0.DFF/r00ff [30.0,10.0]
manual c.0.DFF/r00ff [30.0,25.0]
manual e.0.DFF/r00ff [30.0,40.0]
manual c.0.DFF/jmpff [30.0,55.0]
manual b.0.DFF/r00ff [40.0,10.0]
manual d.0.DFF/r00ff [40.0,25.0]
manual f.0.DFF/r00ff [40.0,40.0]
manual d.0.DFF/jmpff [40.0,55.0]
manual a.0.DFF/r01ff [50.0,10.0]
manual c.0.DFF/r01ff [50.0,25.0]
manual e.0.DFF/r01ff [50.0,40.0]
manual e.0.DFF/jmpff [50.0,55.0]
manual b.0.DFF/r01ff [60.0,10.0]
manual d.0.DFF/r01ff [60.0,25.0]
manual f.0.DFF/r01ff [60.0,40.0]
manual f.0.DFF/jmpff [60.0,55.0]
manual 0._clok1[0:0]1 [70.0,10.0]
manual 0._reset[0:0]1 [70.0,25.0]
manual 0.clok0[0:0]1 [70.0,40.0]
manual 0._dfrm[0:0]3 [70.0,55.0]
manual 0._mread[0:0]2 [80.0,10.0]
manual 0._mwrite[0:0]2 [80.0,25.0]
manual 0.ioinst[0:0]3 [80.0,40.0]
manual 0._lnq[0:0]4 [80.0,55.0]
manual 0.BufLED/ACQ0 [92.0,46.0]
manual 0.BufLED/_LNQ [92.0,53.0]
manual 0.BufLED/_ACQ1 [92.0,60.0]
manual _dfrm.RasPi/rpi [93.0,11.0]
manual _mrd.RasPi/rpi [93.0,19.0]
manual lnk.RasPi/rpi [93.0,27.0]
manual m01.RasPi/rpi [93.0,33.0]
manual m00.RasPi/rpi [93.0,39.0]
manual _dena0.RasPi/rpi [101.0,11.0]
manual _dena1.RasPi/rpi [101.0,19.0]
manual ios.RasPi/rpi [101.0,46.0]
manual res.RasPi/rpi [101.0,53.0]
manual ioin.RasPi/rpi [110.0,11.0]
manual _iak.RasPi/rpi [110.0,19.0]
manual _mwt.RasPi/rpi [110.0,27.0]
manual _jump.RasPi/rpi [110.0,34.0]
manual clk.RasPi/rpi [120.0,11.0]
manual irq.RasPi/rpi [120.0,19.0]
manual _qena1.RasPi/rpi [120.0,27.0]
manual _qena0.RasPi/rpi [120.0,34.0]
