manual Conn/acon [10.0,1.0]
manual Conn/pwr1 [44.0,1.0]
manual Conn/bcon [52.0,1.0]
manual Conn/pwr2 [86.0,1.0]
manual Conn/ccon [95.0,1.0]
manual Conn/pwr3 [129.0,1.0]
manual Conn/dcon [137.0,1.0]
manual a.3.DFF/mahi/macirc [10.0,10.0]
manual b.3.DFF/mahi/macirc [10.0,25.0]
manual c.3.DFF/mahi/macirc [10.0,40.0]
manual d.3.DFF/mahi/macirc [10.0,55.0]
manual e.3.DFF/mahi/macirc [10.0,70.0]
manual f.3.DFF/mahi/macirc [10.0,85.0]
manual a.2.DFF/mahi/macirc [20.0,10.0]
manual b.2.DFF/mahi/macirc [20.0,25.0]
manual c.2.DFF/mahi/macirc [20.0,40.0]
manual d.2.DFF/mahi/macirc [20.0,55.0]
manual e.2.DFF/mahi/macirc [20.0,70.0]
manual f.2.DFF/mahi/macirc [20.0,85.0]
manual a.1.DFF/mahi/macirc [30.0,10.0]
manual b.1.DFF/mahi/macirc [30.0,25.0]
manual c.1.DFF/mahi/macirc [30.0,40.0]
manual d.1.DFF/mahi/macirc [30.0,55.0]
manual e.1.DFF/mahi/macirc [30.0,70.0]
manual f.1.DFF/mahi/macirc [30.0,85.0]
manual a.0.DFF/mahi/macirc [40.0,10.0]
manual b.0.DFF/mahi/macirc [40.0,25.0]
manual c.0.DFF/mahi/macirc [40.0,40.0]
manual d.0.DFF/mahi/macirc [40.0,55.0]
manual e.0.DFF/mahi/macirc [40.0,70.0]
manual f.0.DFF/mahi/macirc [40.0,85.0]
manual a.3.DFF/mamid/macirc [50.0,10.0]
manual b.3.DFF/mamid/macirc [50.0,25.0]
manual c.3.DFF/mamid/macirc [50.0,40.0]
manual d.3.DFF/mamid/macirc [50.0,55.0]
manual e.3.DFF/mamid/macirc [50.0,70.0]
manual f.3.DFF/mamid/macirc [50.0,85.0]
manual a.2.DFF/mamid/macirc [60.0,10.0]
manual b.2.DFF/mamid/macirc [60.0,25.0]
manual c.2.DFF/mamid/macirc [60.0,40.0]
manual d.2.DFF/mamid/macirc [60.0,55.0]
manual e.2.DFF/mamid/macirc [60.0,70.0]
manual f.2.DFF/mamid/macirc [60.0,85.0]
manual a.1.DFF/mamid/macirc [70.0,10.0]
manual b.1.DFF/mamid/macirc [70.0,25.0]
manual c.1.DFF/mamid/macirc [70.0,40.0]
manual d.1.DFF/mamid/macirc [70.0,55.0]
manual e.1.DFF/mamid/macirc [70.0,70.0]
manual f.1.DFF/mamid/macirc [70.0,85.0]
manual a.0.DFF/mamid/macirc [80.0,10.0]
manual b.0.DFF/mamid/macirc [80.0,25.0]
manual c.0.DFF/mamid/macirc [80.0,40.0]
manual d.0.DFF/mamid/macirc [80.0,55.0]
manual e.0.DFF/mamid/macirc [80.0,70.0]
manual f.0.DFF/mamid/macirc [80.0,85.0]
manual a.3.DFF/malo/macirc [90.0,10.0]
manual b.3.DFF/malo/macirc [90.0,25.0]
manual c.3.DFF/malo/macirc [90.0,40.0]
manual d.3.DFF/malo/macirc [90.0,55.0]
manual e.3.DFF/malo/macirc [90.0,70.0]
manual f.3.DFF/malo/macirc [90.0,85.0]
manual a.2.DFF/malo/macirc [100.0,10.0]
manual b.2.DFF/malo/macirc [100.0,25.0]
manual c.2.DFF/malo/macirc [100.0,40.0]
manual d.2.DFF/malo/macirc [100.0,55.0]
manual e.2.DFF/malo/macirc [100.0,70.0]
manual f.2.DFF/malo/macirc [100.0,85.0]
manual a.1.DFF/malo/macirc [110.0,10.0]
manual b.1.DFF/malo/macirc [110.0,25.0]
manual c.1.DFF/malo/macirc [110.0,40.0]
manual d.1.DFF/malo/macirc [110.0,55.0]
manual e.1.DFF/malo/macirc [110.0,70.0]
manual f.1.DFF/malo/macirc [110.0,85.0]
manual a.0.DFF/malo/macirc [120.0,10.0]
manual b.0.DFF/malo/macirc [120.0,25.0]
manual c.0.DFF/malo/macirc [120.0,40.0]
manual d.0.DFF/malo/macirc [120.0,55.0]
manual e.0.DFF/malo/macirc [120.0,70.0]
manual f.0.DFF/malo/macirc [120.0,85.0]
manual 0._clok1/macirc[0:0]1 [130.0,10.0]
manual 0.mata/macirc[0:0]2 [130.0,25.0]
manual 0.matb/macirc[0:0]2 [130.0,40.0]
manual 0.matc/macirc[0:0]2 [130.0,55.0]
manual 0._reset/macirc[0:0]1 [130.0,70.0]
manual f.0.DFF/mawff/macirc [130.0,85.0]
manual a.0.DFF/mawff/macirc [140.0,10.0]
manual b.0.DFF/mawff/macirc [140.0,25.0]
manual c.0.DFF/mawff/macirc [140.0,40.0]
manual d.0.DFF/mawff/macirc [140.0,55.0]
manual e.0.DFF/mawff/macirc [140.0,70.0]
