manual Conn/acon [10.0,1.0]
manual Conn/pwr1 [44.0,1.0]
manual Conn/bcon [52.0,1.0]
manual Conn/pwr2 [86.0,1.0]
manual Conn/ccon [95.0,1.0]
manual Conn/pwr3 [129.0,1.0]
manual Conn/dcon [137.0,1.0]
manual a.0.DFF/pc11/pccirc [10.0,10.0]
manual b.0.DFF/pc11/pccirc [10.0,25.0]
manual c.0.DFF/pc11/pccirc [10.0,40.0]
manual d.0.DFF/pc11/pccirc [10.0,55.0]
manual e.0.DFF/pc11/pccirc [10.0,70.0]
manual f.0.DFF/pc11/pccirc [10.0,85.0]
manual 0.nextpc/pccirc[11:11]6 [10.0,93.0]
manual 0._allones/pccirc[11:11]2 [10.0,115.0]
manual a.0.DFF/pc10/pccirc [20.0,10.0]
manual b.0.DFF/pc10/pccirc [20.0,25.0]
manual c.0.DFF/pc10/pccirc [20.0,40.0]
manual d.0.DFF/pc10/pccirc [20.0,55.0]
manual e.0.DFF/pc10/pccirc [20.0,70.0]
manual f.0.DFF/pc10/pccirc [20.0,85.0]
manual 0.nextpc/pccirc[10:10]6 [20.0,93.0]
manual 0._allones/pccirc[10:10]2 [20.0,115.0]
manual a.0.DFF/pc09/pccirc [30.0,10.0]
manual b.0.DFF/pc09/pccirc [30.0,25.0]
manual c.0.DFF/pc09/pccirc [30.0,40.0]
manual d.0.DFF/pc09/pccirc [30.0,55.0]
manual e.0.DFF/pc09/pccirc [30.0,70.0]
manual f.0.DFF/pc09/pccirc [30.0,85.0]
manual 0.nextpc/pccirc[9:9]6 [30.0,93.0]
manual 0._allones/pccirc[9:9]2 [30.0,115.0]
manual a.0.DFF/pc08/pccirc [40.0,10.0]
manual b.0.DFF/pc08/pccirc [40.0,25.0]
manual c.0.DFF/pc08/pccirc [40.0,40.0]
manual d.0.DFF/pc08/pccirc [40.0,55.0]
manual e.0.DFF/pc08/pccirc [40.0,70.0]
manual f.0.DFF/pc08/pccirc [40.0,85.0]
manual 0.nextpc/pccirc[8:8]6 [40.0,93.0]
manual 0._allones/pccirc[8:8]2 [40.0,115.0]
manual a.0.DFF/pc07/pccirc [50.0,10.0]
manual b.0.DFF/pc07/pccirc [50.0,25.0]
manual c.0.DFF/pc07/pccirc [50.0,40.0]
manual d.0.DFF/pc07/pccirc [50.0,55.0]
manual e.0.DFF/pc07/pccirc [50.0,70.0]
manual f.0.DFF/pc07/pccirc [50.0,85.0]
manual 0.nextpc/pccirc[7:7]6 [50.0,93.0]
manual 0._allones/pccirc[7:7]2 [50.0,115.0]
manual a.0.DFF/pc06/pccirc [60.0,10.0]
manual b.0.DFF/pc06/pccirc [60.0,25.0]
manual c.0.DFF/pc06/pccirc [60.0,40.0]
manual d.0.DFF/pc06/pccirc [60.0,55.0]
manual e.0.DFF/pc06/pccirc [60.0,70.0]
manual f.0.DFF/pc06/pccirc [60.0,85.0]
manual 0.nextpc/pccirc[6:6]6 [60.0,93.0]
manual 0._allones/pccirc[6:6]2 [60.0,115.0]
manual a.0.DFF/pc05/pccirc [70.0,10.0]
manual b.0.DFF/pc05/pccirc [70.0,25.0]
manual c.0.DFF/pc05/pccirc [70.0,40.0]
manual d.0.DFF/pc05/pccirc [70.0,55.0]
manual e.0.DFF/pc05/pccirc [70.0,70.0]
manual f.0.DFF/pc05/pccirc [70.0,85.0]
manual 0.nextpc/pccirc[5:5]6 [70.0,93.0]
manual 0._allones/pccirc[5:5]2 [70.0,115.0]
manual a.0.DFF/pc04/pccirc [80.0,10.0]
manual b.0.DFF/pc04/pccirc [80.0,25.0]
manual c.0.DFF/pc04/pccirc [80.0,40.0]
manual d.0.DFF/pc04/pccirc [80.0,55.0]
manual e.0.DFF/pc04/pccirc [80.0,70.0]
manual f.0.DFF/pc04/pccirc [80.0,85.0]
manual 0.nextpc/pccirc[4:4]6 [80.0,93.0]
manual 0._allones/pccirc[4:4]2 [80.0,115.0]
manual a.0.DFF/pc03/pccirc [90.0,10.0]
manual b.0.DFF/pc03/pccirc [90.0,25.0]
manual c.0.DFF/pc03/pccirc [90.0,40.0]
manual d.0.DFF/pc03/pccirc [90.0,55.0]
manual e.0.DFF/pc03/pccirc [90.0,70.0]
manual f.0.DFF/pc03/pccirc [90.0,85.0]
manual 0.nextpc/pccirc[3:3]6 [90.0,93.0]
manual 0._allones/pccirc[3:3]2 [90.0,115.0]
manual a.0.DFF/pc02/pccirc [100.0,10.0]
manual b.0.DFF/pc02/pccirc [100.0,25.0]
manual c.0.DFF/pc02/pccirc [100.0,40.0]
manual d.0.DFF/pc02/pccirc [100.0,55.0]
manual e.0.DFF/pc02/pccirc [100.0,70.0]
manual f.0.DFF/pc02/pccirc [100.0,85.0]
manual 0.nextpc/pccirc[2:2]6 [100.0,93.0]
manual 0._allones/pccirc[2:2]2 [100.0,115.0]
manual a.0.DFF/pc01/pccirc [110.0,10.0]
manual b.0.DFF/pc01/pccirc [110.0,25.0]
manual c.0.DFF/pc01/pccirc [110.0,40.0]
manual d.0.DFF/pc01/pccirc [110.0,55.0]
manual e.0.DFF/pc01/pccirc [110.0,70.0]
manual f.0.DFF/pc01/pccirc [110.0,85.0]
manual 0.nextpc/pccirc[1:1]6 [110.0,93.0]
manual 8.allones/pccirc[11:1]1 [110.0,115.0]
manual a.0.DFF/pc00/pccirc [120.0,10.0]
manual b.0.DFF/pc00/pccirc [120.0,25.0]
manual c.0.DFF/pc00/pccirc [120.0,40.0]
manual d.0.DFF/pc00/pccirc [120.0,55.0]
manual e.0.DFF/pc00/pccirc [120.0,70.0]
manual f.0.DFF/pc00/pccirc [120.0,85.0]
manual 0.nextpc/pccirc[0:0]5 [120.0,100.0]
manual 0._resetd/pccirc[0:0]1 [120.0,115.0]
manual 0._clok1/pccirc[0:0]1 [130.0,10.0]
manual 0.clok0c/pccirc[0:0]1 [130.0,25.0]
manual 0._resetc/pccirc[0:0]1 [130.0,40.0]
manual 0.clok0b/pccirc[0:0]1 [130.0,55.0]
manual 0._resetb/pccirc[0:0]1 [130.0,70.0]
manual 0.clok0a/pccirc[0:0]1 [130.0,85.0]
manual 0._reseta/pccirc[0:0]1 [130.0,100.0]
manual 6.allones/pccirc[11:1]1 [130.0,115.0]
manual 0.allones/pccirc[11:1]1 [140.0,10.0]
manual 1.allones/pccirc[11:1]1 [140.0,25.0]
manual 0.pc_incc/pccirc[0:0]1 [140.0,40.0]
manual 0.pc_holdb/pccirc[0:0]2 [140.0,55.0]
manual 4.allones/pccirc[11:1]1 [140.0,70.0]
manual 10.allones/pccirc[11:1]1 [140.0,85.0]
manual 0.pc_aluqb/pccirc[0:0]1 [140.0,100.0]
manual 2.allones/pccirc[11:1]1 [140.0,115.0]
manual 0.pc_incb/pccirc[0:0]1 [150.0,10.0]
manual 3.allones/pccirc[11:1]1 [150.0,25.0]
manual 0.pc_inca/pccirc[0:0]1 [150.0,40.0]
manual 9.allones/pccirc[11:1]1 [150.0,55.0]
manual 0.pc_aluqa/pccirc[0:0]1 [150.0,70.0]
manual 7.allones/pccirc[11:1]1 [150.0,85.0]
manual 0.pc_holda/pccirc[0:0]2 [150.0,100.0]
manual 5.allones/pccirc[11:1]1 [150.0,115.0]
