manual Conn/acon [10.0,1.0]
manual Conn/pwr1 [44.0,1.0]
manual Conn/bcon [52.0,1.0]
manual Conn/pwr2 [86.0,1.0]
manual Conn/ccon [95.0,1.0]
manual Conn/pwr3 [129.0,1.0]
manual Conn/dcon [137.0,1.0]
manual m11.RasPi/rpi/rpicirc [23.0,7.0]
manual m07.RasPi/rpi/rpicirc [48.0,7.0]
manual m03.RasPi/rpi/rpicirc [73.0,7.0]
manual clk.RasPi/rpi/rpicirc [96.0,7.0]
manual irq.RasPi/rpi/rpicirc [123.0,7.0]
manual ios.RasPi/rpi/rpicirc [138.0,7.0]
manual 0.BufLED/LNQ [14.0,39.0]
manual /lnklbl [15.0,48.0]
manual m10.RasPi/rpi/rpicirc [23.0,13.0]
manual m09.RasPi/rpi/rpicirc [23.0,19.0]
manual m08.RasPi/rpi/rpicirc [23.0,25.0]
manual 11.BufLED/ACQ [24.0,39.0]
manual 11.BufLED/MAQ [24.0,48.0]
manual 11.BufLED/PCQ [24.0,57.0]
manual 0.BufLED/IRQ11 [24.0,67.0]
manual 10.BufLED/ACQ [32.0,39.0]
manual 10.BufLED/MAQ [32.0,48.0]
manual 10.BufLED/PCQ [32.0,57.0]
manual 0.BufLED/IRQ10 [32.0,67.0]
manual /irlbl [37.0,75.0]
manual 9.BufLED/ACQ [40.0,39.0]
manual 9.BufLED/MAQ [40.0,48.0]
manual 9.BufLED/PCQ [40.0,57.0]
manual 0.BufLED/IRQ09 [40.0,67.0]
manual m06.RasPi/rpi/rpicirc [48.0,13.0]
manual m05.RasPi/rpi/rpicirc [48.0,19.0]
manual m04.RasPi/rpi/rpicirc [48.0,25.0]
manual 8.BufLED/ACQ [50.0,39.0]
manual 8.BufLED/MAQ [50.0,48.0]
manual 8.BufLED/PCQ [50.0,57.0]
manual 0.BufLED/FETCH1Q [50.0,67.0]
manual /fetlbl [56.0,75.0]
manual 7.BufLED/ACQ [58.0,39.0]
manual 7.BufLED/MAQ [58.0,48.0]
manual 7.BufLED/PCQ [58.0,57.0]
manual 0.BufLED/FETCH2Q [58.0,67.0]
manual 6.BufLED/ACQ [66.0,39.0]
manual 6.BufLED/MAQ [66.0,48.0]
manual 6.BufLED/PCQ [66.0,57.0]
manual 0.BufLED/DEFER1Q [68.0,67.0]
manual m02.RasPi/rpi/rpicirc [73.0,13.0]
manual m01.RasPi/rpi/rpicirc [73.0,19.0]
manual m00.RasPi/rpi/rpicirc [73.0,25.0]
manual 5.BufLED/ACQ [76.0,39.0]
manual 5.BufLED/MAQ [76.0,48.0]
manual 5.BufLED/PCQ [76.0,57.0]
manual 0.BufLED/DEFER2Q [76.0,67.0]
manual /dfrlbl [78.0,75.0]
manual 4.BufLED/ACQ [84.0,39.0]
manual 4.BufLED/MAQ [84.0,48.0]
manual 4.BufLED/PCQ [84.0,57.0]
manual 0.BufLED/DEFER3Q [84.0,67.0]
manual 3.BufLED/ACQ [92.0,39.0]
manual 3.BufLED/MAQ [92.0,48.0]
manual 3.BufLED/PCQ [92.0,57.0]
manual 0.BufLED/EXEC1Q [94.0,67.0]
manual _dfrm.RasPi/rpi/rpicirc [96.0,13.0]
manual _jump.RasPi/rpi/rpicirc [96.0,19.0]
manual _iak.RasPi/rpi/rpicirc [96.0,25.0]
manual 2.BufLED/ACQ [102.0,39.0]
manual 2.BufLED/MAQ [102.0,48.0]
manual 2.BufLED/PCQ [102.0,57.0]
manual 0.BufLED/EXEC2Q [102.0,67.0]
manual /exelbl [105.0,75.0]
manual 1.BufLED/ACQ [110.0,39.0]
manual 1.BufLED/MAQ [110.0,48.0]
manual 1.BufLED/PCQ [110.0,57.0]
manual 0.BufLED/EXEC3Q [110.0,67.0]
manual lnk.RasPi/rpi/rpicirc [115.0,19.0]
manual 0.BufLED/ACQ [118.0,39.0]
manual 0.BufLED/MAQ [118.0,48.0]
manual 0.BufLED/PCQ [118.0,57.0]
manual 0.BufLED/INTAK [120.0,67.0]
manual /iaklbl [120.0,75.0]
manual _mrd.RasPi/rpi/rpicirc [123.0,13.0]
manual _mwt.RasPi/rpi/rpicirc [123.0,25.0]
manual /aclbl [127.0,40.0]
manual /malbl [127.0,49.0]
manual /pclbl [127.0,58.0]
manual res.RasPi/rpi/rpicirc [138.0,13.0]
manual ioin.RasPi/rpi/rpicirc [138.0,19.0]
manual _dena1.RasPi/rpi/rpicirc [138.0,26.0]
manual _qena1.RasPi/rpi/rpicirc [138.0,33.0]
manual _dena0.RasPi/rpi/rpicirc [138.0,40.0]
manual _qena0.RasPi/rpi/rpicirc [138.0,47.0]
