manual Conn/acon [10.0,1.0]
manual Conn/pwr1 [44.0,1.0]
manual Conn/bcon [52.0,1.0]
manual Conn/pwr2 [86.0,1.0]
manual Conn/ccon [95.0,1.0]
manual Conn/pwr3 [129.0,1.0]
manual Conn/dcon [137.0,1.0]
manual a.0.DLat/ireg11/seqcirc [10.0,10.0]
manual b.0.DLat/ireg11/seqcirc [10.0,25.0]
manual a.0.DFF/fetch1/seqcirc [10.0,40.0]
manual a.0.DFF/fetch2/seqcirc [10.0,55.0]
manual a.0.DFF/defer1/seqcirc [10.0,70.0]
manual a.0.DFF/defer2/seqcirc [10.0,85.0]
manual a.0.DFF/defer3/seqcirc [10.0,100.0]
manual a.0.DFF/exec1/seqcirc [10.0,115.0]
manual a.0.DFF/exec2/seqcirc [10.0,130.0]
manual a.0.DFF/exec3/seqcirc [10.0,145.0]
manual c.0.DLat/ireg11/seqcirc [20.0,10.0]
manual d.0.DLat/ireg11/seqcirc [20.0,25.0]
manual b.0.DFF/fetch1/seqcirc [20.0,40.0]
manual b.0.DFF/fetch2/seqcirc [20.0,55.0]
manual b.0.DFF/defer1/seqcirc [20.0,70.0]
manual b.0.DFF/defer2/seqcirc [20.0,85.0]
manual b.0.DFF/defer3/seqcirc [20.0,100.0]
manual b.0.DFF/exec1/seqcirc [20.0,115.0]
manual b.0.DFF/exec2/seqcirc [20.0,130.0]
manual b.0.DFF/exec3/seqcirc [20.0,145.0]
manual a.0.DLat/ireg10/seqcirc [30.0,10.0]
manual b.0.DLat/ireg10/seqcirc [30.0,25.0]
manual c.0.DFF/fetch1/seqcirc [30.0,40.0]
manual c.0.DFF/fetch2/seqcirc [30.0,55.0]
manual c.0.DFF/defer1/seqcirc [30.0,70.0]
manual c.0.DFF/defer2/seqcirc [30.0,85.0]
manual c.0.DFF/defer3/seqcirc [30.0,100.0]
manual c.0.DFF/exec1/seqcirc [30.0,115.0]
manual c.0.DFF/exec2/seqcirc [30.0,130.0]
manual c.0.DFF/exec3/seqcirc [30.0,145.0]
manual c.0.DLat/ireg10/seqcirc [40.0,10.0]
manual d.0.DLat/ireg10/seqcirc [40.0,25.0]
manual d.0.DFF/fetch1/seqcirc [40.0,40.0]
manual d.0.DFF/fetch2/seqcirc [40.0,55.0]
manual d.0.DFF/defer1/seqcirc [40.0,70.0]
manual d.0.DFF/defer2/seqcirc [40.0,85.0]
manual d.0.DFF/defer3/seqcirc [40.0,100.0]
manual d.0.DFF/exec1/seqcirc [40.0,115.0]
manual d.0.DFF/exec2/seqcirc [40.0,130.0]
manual d.0.DFF/exec3/seqcirc [40.0,145.0]
manual a.0.DLat/ireg09/seqcirc [50.0,10.0]
manual b.0.DLat/ireg09/seqcirc [50.0,25.0]
manual e.0.DFF/fetch1/seqcirc [50.0,40.0]
manual e.0.DFF/fetch2/seqcirc [50.0,55.0]
manual e.0.DFF/defer1/seqcirc [50.0,70.0]
manual e.0.DFF/defer2/seqcirc [50.0,85.0]
manual e.0.DFF/defer3/seqcirc [50.0,100.0]
manual e.0.DFF/exec1/seqcirc [50.0,115.0]
manual e.0.DFF/exec2/seqcirc [50.0,130.0]
manual e.0.DFF/exec3/seqcirc [50.0,145.0]
manual c.0.DLat/ireg09/seqcirc [60.0,10.0]
manual d.0.DLat/ireg09/seqcirc [60.0,25.0]
manual f.0.DFF/fetch1/seqcirc [60.0,40.0]
manual f.0.DFF/fetch2/seqcirc [60.0,55.0]
manual f.0.DFF/defer1/seqcirc [60.0,70.0]
manual f.0.DFF/defer2/seqcirc [60.0,85.0]
manual f.0.DFF/defer3/seqcirc [60.0,100.0]
manual f.0.DFF/exec1/seqcirc [60.0,115.0]
manual f.0.DFF/exec2/seqcirc [60.0,130.0]
manual f.0.DFF/exec3/seqcirc [60.0,145.0]
manual a.0.DLat/ireg08/seqcirc [70.0,10.0]
manual b.0.DLat/ireg08/seqcirc [70.0,25.0]
manual 0.meminst/seqcirc[0:0]2 [70.0,40.0]
manual 0._resetb/seqcirc[0:0]1 [70.0,55.0]
manual a.0.DFF/intak1/seqcirc [70.0,70.0]
manual b.0.DFF/intak1/seqcirc [70.0,85.0]
manual c.0.DFF/intak1/seqcirc [70.0,100.0]
manual d.0.DFF/intak1/seqcirc [70.0,115.0]
manual e.0.DFF/intak1/seqcirc [70.0,130.0]
manual f.0.DFF/intak1/seqcirc [70.0,145.0]
manual c.0.DLat/ireg08/seqcirc [80.0,10.0]
manual d.0.DLat/ireg08/seqcirc [80.0,25.0]
manual 0._resetc/seqcirc[0:0]1 [80.0,40.0]
manual 0._clok1/seqcirc[0:0]1 [80.0,55.0]
manual 0._defer1d/seqcirc[0:0]2 [80.0,70.0]
manual 0._exec1d/seqcirc[0:0]1 [80.0,85.0]
manual 0.clok0a/seqcirc[0:0]1 [80.0,100.0]
manual 0.clok0c/seqcirc[0:0]1 [80.0,115.0]
manual 0._ir_tad/seqcirc[0:0]1 [80.0,130.0]
manual 0.exec3d/seqcirc[0:0]3 [80.0,145.0]
manual 0._autoidx/seqcirc[0:0]2 [90.0,10.0]
manual 0._ir_arth/seqcirc[0:0]2 [90.0,25.0]
manual 0._ir_jms/seqcirc[0:0]2 [90.0,40.0]
manual 0.fetch1d/seqcirc[0:0]2 [90.0,55.0]
manual 0._meminst/seqcirc[0:0]1 [90.0,70.0]
manual 0._exec1d/seqcirc[0:0]6 [90.0,80.0]
manual 0._defer3d/seqcirc[0:0]2 [90.0,100.0]
manual 0._intak1d/seqcirc[0:0]7 [90.0,111.0]
manual 0._exec2d/seqcirc[0:0]5 [90.0,130.0]
manual 0._intak1d/seqcirc[0:0]1 [90.0,145.0]
manual 0._reseta/seqcirc[0:0]1 [100.0,10.0]
manual 0._ma_aluq/seqcirc[0:0]2 [100.0,18.0]
manual 0._pc_aluq/seqcirc[0:0]2 [100.0,44.0]
manual 0._ac_sc/seqcirc[0:0]3 [100.0,59.0]
manual 0.arith1q/seqcirc[0:0]2 [100.0,72.0]
manual 0._endinst/seqcirc[0:0]2 [100.0,82.0]
manual 0.jms3q/seqcirc[0:0]2 [100.0,108.0]
manual 0.isz3q/seqcirc[0:0]2 [100.0,119.0]
manual 0.tad3q/seqcirc[0:0]2 [100.0,130.0]
manual 0.autoidx/seqcirc[0:0]1 [110.0,10.0]
manual 0._mwrite/seqcirc[0:0]3 [110.0,17.0]
manual 0._mread/seqcirc[0:0]5 [110.0,38.0]
manual 0._ir_iot/seqcirc[0:0]6 [110.0,67.0]
manual 0.arith2q/seqcirc[0:0]2 [110.0,98.0]
manual 0.isz1q/seqcirc[0:0]2 [110.0,108.0]
manual 0._ir_tad/seqcirc[0:0]3 [110.0,119.0]
manual 0._fetch2d/seqcirc[0:0]5 [110.0,127.0]
manual 0._ir_jmp/seqcirc[0:0]2 [110.0,145.0]
manual 0._pc_inc/seqcirc[0:0]1 [120.0,10.0]
manual 0._alua_ma/seqcirc[0:0]4 [120.0,18.0]
manual 0._ir_opr/seqcirc[0:0]2 [120.0,40.0]
manual 0._alub_ac/seqcirc[0:0]3 [120.0,55.0]
manual 0._pc_inc/seqcirc[0:0]5 [120.0,76.0]
manual 0.clok0b/seqcirc[0:0]1 [120.0,89.0]
manual 0._ir_and/seqcirc[0:0]2 [120.0,96.0]
manual 0._alub_m1/seqcirc[0:0]3 [120.0,103.0]
manual 0.grpa1q/seqcirc[0:0]1 [130.0,10.0]
manual 0.dca2q/seqcirc[0:0]2 [130.0,25.0]
manual 0.iot2q/seqcirc[0:0]2 [130.0,40.0]
manual 0.jmp1q/seqcirc[0:0]2 [130.0,55.0]
manual 0._jump/seqcirc[0:0]2 [130.0,70.0]
manual 0.dca1q/seqcirc[0:0]2 [130.0,85.0]
manual 0.tad2q/seqcirc[0:0]2 [130.0,100.0]
manual 0._ir_dca/seqcirc[0:0]2 [130.0,115.0]
manual 0.and2q/seqcirc[0:0]2 [130.0,130.0]
manual 0._ir_isz/seqcirc[0:0]2 [130.0,145.0]
manual 0._grpa1q/seqcirc[0:0]2 [140.0,10.0]
manual 0.opr1q/seqcirc[0:0]2 [140.0,25.0]
manual 0.alua_pc1107/seqcirc[0:0]2 [140.0,40.0]
manual ~0.alua_pc1107/seqcirc[0:0]2 [140.0,55.0]
manual 0.alub_1/seqcirc[0:0]2 [140.0,76.0]
manual ~0.alub_1/seqcirc[0:0]2 [140.0,85.0]
manual 0.jms2q/seqcirc[0:0]2 [140.0,104.0]
manual 0.grpb1q/seqcirc[0:0]1 [140.0,115.0]
manual ~0.grpb1q/seqcirc[0:0]1 [140.0,130.0]
manual 0.isz2q/seqcirc[0:0]2 [140.0,145.0]
manual 0.inc_axb/seqcirc[0:0]2 [150.0,10.0]
manual 0._ac_aluq/seqcirc[0:0]3 [150.0,20.0]
manual 0.alua_mq0600/seqcirc[0:0]1 [150.0,46.0]
manual ~0.alua_mq0600/seqcirc[0:0]1 [150.0,55.0]
manual ~0.alua_mq1107/seqcirc[0:0]2 [150.0,78.0]
manual 0.jms1q/seqcirc[0:0]2 [150.0,100.0]
manual 0.iot1q/seqcirc[0:0]2 [150.0,115.0]
manual 0._ln_wrt/seqcirc[0:0]2 [150.0,130.0]
manual 0._exec2d/seqcirc[0:0]2 [150.0,145.0]
manual 0.alua_pc0600/seqcirc[0:0]1 [160.0,10.0]
manual ~0.alua_pc0600/seqcirc[0:0]1 [160.0,25.0]
manual 0._alu_and/seqcirc[0:0]2 [160.0,40.0]
manual 0._alua_m1/seqcirc[0:0]3 [160.0,55.0]
manual 0.alua_mq1107/seqcirc[0:0]2 [160.0,70.0]
manual 0._alu_add/seqcirc[0:0]2 [160.0,85.0]
manual 0.fetch2qa/seqcirc[0:0]1 [160.0,100.0]
manual 0.irq_11/seqcirc[0:0]1 [160.0,115.0]
manual 0._dfrm/seqcirc[0:0]2 [160.0,130.0]
manual 0._intrq/seqcirc[0:0]1 [160.0,145.0]
